test_celda_vacia_es_error (test_programa.PruebasFormatoEducativo.test_celda_vacia_es_error) ... ok
test_denominador_cero_es_error_especifico (test_programa.PruebasFormatoEducativo.test_denominador_cero_es_error_especifico) ... ok
test_ecuacion_simplifica_unos_y_signos (test_programa.PruebasFormatoEducativo.test_ecuacion_simplifica_unos_y_signos) ... ok
test_formato_decimal_conserva_referencia_exacta (test_programa.PruebasFormatoEducativo.test_formato_decimal_conserva_referencia_exacta) ... ok
test_formato_fraccion (test_programa.PruebasFormatoEducativo.test_formato_fraccion) ... ok
test_limites_de_entrada (test_programa.PruebasFormatoEducativo.test_limites_de_entrada) ... ok
test_matriz_texto_incluye_divisor_aumentado (test_programa.PruebasFormatoEducativo.test_matriz_texto_incluye_divisor_aumentado) ... ok
test_no_finitos_y_expresiones_son_rechazados (test_programa.PruebasFormatoEducativo.test_no_finitos_y_expresiones_son_rechazados) ... ok
test_reporte_contiene_doce_secciones (test_programa.PruebasFormatoEducativo.test_reporte_contiene_doce_secciones) ... ok
test_solucion_parametrica_incluye_reales (test_programa.PruebasFormatoEducativo.test_solucion_parametrica_incluye_reales) ... ok
test_texto_invalido_es_rechazado (test_programa.PruebasFormatoEducativo.test_texto_invalido_es_rechazado) ... ok
test_aumentar_dimensiones_conserva_valores (test_programa.PruebasInterfazIntegral.test_aumentar_dimensiones_conserva_valores) ... ok
test_cabecera_se_adapta_sin_reducir_tipografia (test_programa.PruebasInterfazIntegral.test_cabecera_se_adapta_sin_reducir_tipografia) ... ok
test_cambio_de_formato_no_recalcula (test_programa.PruebasInterfazIntegral.test_cambio_de_formato_no_recalcula) ... ok
test_cambio_de_modo_no_recalcula (test_programa.PruebasInterfazIntegral.test_cambio_de_modo_no_recalcula) ... ok
test_coma_ambigua_no_se_adivina (test_programa.PruebasInterfazIntegral.test_coma_ambigua_no_se_adivina) ... ok
test_comparador_define_distribucion_segun_ancho_real (test_programa.PruebasInterfazIntegral.test_comparador_define_distribucion_segun_ancho_real) ... ok
test_deshacer_hasta_la_entrada_resuelta_revalida_el_resultado (test_programa.PruebasInterfazIntegral.test_deshacer_hasta_la_entrada_resuelta_revalida_el_resultado) ... ok
test_editar_invalida_pero_conserva_resultado_anterior (test_programa.PruebasInterfazIntegral.test_editar_invalida_pero_conserva_resultado_anterior) ... ok
test_ejemplo_no_se_resuelve_automaticamente (test_programa.PruebasInterfazIntegral.test_ejemplo_no_se_resuelve_automaticamente) ... ok
test_ejemplo_ocho_por_ocho_respeta_limite (test_programa.PruebasInterfazIntegral.test_ejemplo_ocho_por_ocho_respeta_limite) ... ok
test_error_inesperado_del_motor_no_cierra_la_interfaz (test_programa.PruebasInterfazIntegral.test_error_inesperado_del_motor_no_cierra_la_interfaz) ... ok
test_estado_inicial_no_interpreta_vacios_como_cero (test_programa.PruebasInterfazIntegral.test_estado_inicial_no_interpreta_vacios_como_cero) ... ok
test_expresiones_con_signo_no_muestran_mas_menos (test_programa.PruebasInterfazIntegral.test_expresiones_con_signo_no_muestran_mas_menos) ... ok
test_flechas_horizontales_conservan_el_cursor_dentro_de_la_celda (test_programa.PruebasInterfazIntegral.test_flechas_horizontales_conservan_el_cursor_dentro_de_la_celda) ... ok
test_guardado_txt_y_html_es_real (test_programa.PruebasInterfazIntegral.test_guardado_txt_y_html_es_real) ... ok
test_impresion_informa_si_no_hay_navegador (test_programa.PruebasInterfazIntegral.test_impresion_informa_si_no_hay_navegador) ... ok
test_limpiar_entrada_se_puede_deshacer (test_programa.PruebasInterfazIntegral.test_limpiar_entrada_se_puede_deshacer) ... ok
test_limpiar_no_elimina_la_entrada_del_resultado_resuelto (test_programa.PruebasInterfazIntegral.test_limpiar_no_elimina_la_entrada_del_resultado_resuelto) ... ok
test_modo_rapido_abre_interpretacion (test_programa.PruebasInterfazIntegral.test_modo_rapido_abre_interpretacion) ... ok
test_navegacion_de_procedimiento (test_programa.PruebasInterfazIntegral.test_navegacion_de_procedimiento) ... ok
test_navegacion_y_atajos_no_crean_falsos_estados_de_deshacer (test_programa.PruebasInterfazIntegral.test_navegacion_y_atajos_no_crean_falsos_estados_de_deshacer) ... ok
test_pegado_con_celda_vacia_no_colapsa_columnas (test_programa.PruebasInterfazIntegral.test_pegado_con_celda_vacia_no_colapsa_columnas) ... ok
test_pegado_invalido_es_atomico (test_programa.PruebasInterfazIntegral.test_pegado_invalido_es_atomico) ... ok
test_pegado_tabulado_se_previsualiza_y_aplica (test_programa.PruebasInterfazIntegral.test_pegado_tabulado_se_previsualiza_y_aplica) ... ok
test_precision_decimal_se_normaliza (test_programa.PruebasInterfazIntegral.test_precision_decimal_se_normaliza) ... ok
test_precision_se_oculta_en_fracciones (test_programa.PruebasInterfazIntegral.test_precision_se_oculta_en_fracciones) ... ok
test_procedimiento_se_puede_copiar (test_programa.PruebasInterfazIntegral.test_procedimiento_se_puede_copiar) ... ok
test_reporte_se_genera_en_interfaz (test_programa.PruebasInterfazIntegral.test_reporte_se_genera_en_interfaz) ... ok
test_resolver_conserva_entrada_original (test_programa.PruebasInterfazIntegral.test_resolver_conserva_entrada_original) ... ok
test_restaurar_original (test_programa.PruebasInterfazIntegral.test_restaurar_original) ... ok
test_rueda_en_matriz_horizontal_desplaza_el_panel_vertical_exterior (test_programa.PruebasInterfazIntegral.test_rueda_en_matriz_horizontal_desplaza_el_panel_vertical_exterior) ... ok
test_tres_clasificaciones_visuales (test_programa.PruebasInterfazIntegral.test_tres_clasificaciones_visuales) ... ok
test_validacion_denominador_cero (test_programa.PruebasInterfazIntegral.test_validacion_denominador_cero) ... ok
test_vista_ecuaciones_sincronizada (test_programa.PruebasInterfazIntegral.test_vista_ecuaciones_sincronizada) ... ok
test_automatico_informa_metodo_utilizado (test_programa.PruebasMotorExacto.test_automatico_informa_metodo_utilizado) ... ok
test_caso_a_programa_2 (test_programa.PruebasMotorExacto.test_caso_a_programa_2) ... ok
test_caso_b_programa_2 (test_programa.PruebasMotorExacto.test_caso_b_programa_2) ... ok
test_caso_c_pivote_aumentado_separado (test_programa.PruebasMotorExacto.test_caso_c_pivote_aumentado_separado) ... ok
test_casos_uno_por_uno_y_ocho_por_nueve (test_programa.PruebasMotorExacto.test_casos_uno_por_uno_y_ocho_por_nueve) ... ok
test_coeficientes_negativos (test_programa.PruebasMotorExacto.test_coeficientes_negativos) ... ok
test_decimales_se_convierten_exactamente (test_programa.PruebasMotorExacto.test_decimales_se_convierten_exactamente) ... ok
test_ecuaciones_repetidas (test_programa.PruebasMotorExacto.test_ecuaciones_repetidas) ... ok
test_eventos_reproducen_cada_matriz (test_programa.PruebasMotorExacto.test_eventos_reproducen_cada_matriz) ... ok
test_fila_de_ceros (test_programa.PruebasMotorExacto.test_fila_de_ceros) ... ok
test_fracciones_se_conservan_exactas (test_programa.PruebasMotorExacto.test_fracciones_se_conservan_exactas) ... ok
test_gauss_y_gauss_jordan_son_metodos_reales (test_programa.PruebasMotorExacto.test_gauss_y_gauss_jordan_son_metodos_reales) ... ok
test_infinitas_soluciones (test_programa.PruebasMotorExacto.test_infinitas_soluciones) ... ok
test_instantaneas_de_pasos_son_independientes (test_programa.PruebasMotorExacto.test_instantaneas_de_pasos_son_independientes) ... ok
test_limites_de_dimensiones_tambien_se_aplican_en_el_motor (test_programa.PruebasMotorExacto.test_limites_de_dimensiones_tambien_se_aplican_en_el_motor) ... ok
test_mas_ecuaciones_que_variables (test_programa.PruebasMotorExacto.test_mas_ecuaciones_que_variables) ... ok
test_mas_variables_que_ecuaciones (test_programa.PruebasMotorExacto.test_mas_variables_que_ecuaciones) ... ok
test_ningun_paso_divide_entre_cero (test_programa.PruebasMotorExacto.test_ningun_paso_divide_entre_cero) ... ok
test_pasos_son_estructurados (test_programa.PruebasMotorExacto.test_pasos_son_estructurados) ... ok
test_pivote_inicial_cero_intercambia_filas (test_programa.PruebasMotorExacto.test_pivote_inicial_cero_intercambia_filas) ... ok
test_pivotes_y_no_pivotes_particionan_a (test_programa.PruebasMotorExacto.test_pivotes_y_no_pivotes_particionan_a) ... ok
test_rref_cumple_definicion_y_es_idempotente (test_programa.PruebasMotorExacto.test_rref_cumple_definicion_y_es_idempotente) ... ok
test_sistema_homogeneo (test_programa.PruebasMotorExacto.test_sistema_homogeneo) ... ok
test_sistema_sin_solucion (test_programa.PruebasMotorExacto.test_sistema_sin_solucion) ... ok
test_solucion_unica_2x2 (test_programa.PruebasMotorExacto.test_solucion_unica_2x2) ... ok
test_solucion_unica_3x3 (test_programa.PruebasMotorExacto.test_solucion_unica_3x3) ... ok
test_todos_los_coeficientes_cero (test_programa.PruebasMotorExacto.test_todos_los_coeficientes_cero) ... ok
test_valores_muy_grandes (test_programa.PruebasMotorExacto.test_valores_muy_grandes) ... ok
test_verificacion_usa_sistema_original (test_programa.PruebasMotorExacto.test_verificacion_usa_sistema_original) ... ok
test_error_de_permiso_conserva_resultado_en_memoria (test_programa.PruebasPersistenciaYHTML.test_error_de_permiso_conserva_resultado_en_memoria) ... ok
test_historial_corrupto_no_ejecuta_ni_borra_memoria (test_programa.PruebasPersistenciaYHTML.test_historial_corrupto_no_ejecuta_ni_borra_memoria) ... ok
test_historial_guarda_y_recarga_fracciones_exactas (test_programa.PruebasPersistenciaYHTML.test_historial_guarda_y_recarga_fracciones_exactas) ... ok
test_html_es_autocontenido_y_escapa_contenido (test_programa.PruebasPersistenciaYHTML.test_html_es_autocontenido_y_escapa_contenido) ... ok
test_html_nombra_correctamente_el_metodo_gauss (test_programa.PruebasPersistenciaYHTML.test_html_nombra_correctamente_el_metodo_gauss) ... ok
test_recarga_corrupta_conserva_historial_que_ya_estaba_en_memoria (test_programa.PruebasPersistenciaYHTML.test_recarga_corrupta_conserva_historial_que_ya_estaba_en_memoria) ... ok
test_borradores_por_operacion_y_modulo (test_programa3.PruebasInterfazPrograma3.test_borradores_por_operacion_y_modulo) ... ok
test_combinacion_tres_estados (test_programa3.PruebasInterfazPrograma3.test_combinacion_tres_estados) ... ok
test_dimension_interseccion_confirmacion (test_programa3.PruebasInterfazPrograma3.test_dimension_interseccion_confirmacion) ... ok
test_dimensiones_pendientes_invalidan (test_programa3.PruebasInterfazPrograma3.test_dimensiones_pendientes_invalidan) ... ok
test_error_no_publica_resultado_parcial (test_programa3.PruebasInterfazPrograma3.test_error_no_publica_resultado_parcial) ... ok
test_exportaciones_y_restaurar (test_programa3.PruebasInterfazPrograma3.test_exportaciones_y_restaurar) ... ok
test_formatos_no_recalculan (test_programa3.PruebasInterfazPrograma3.test_formatos_no_recalculan) ... ok
test_guiado_inicial_detalle_y_teclado (test_programa3.PruebasInterfazPrograma3.test_guiado_inicial_detalle_y_teclado) ... ok
test_invalida_y_deshace_sin_perder_evidencia (test_programa3.PruebasInterfazPrograma3.test_invalida_y_deshace_sin_perder_evidencia) ... ok
test_limpiar_y_rellenar_reversibles (test_programa3.PruebasInterfazPrograma3.test_limpiar_y_rellenar_reversibles) ... ok
test_pegado_atomico_y_deshacer (test_programa3.PruebasInterfazPrograma3.test_pegado_atomico_y_deshacer) ... ok
test_a_vectores (test_programa3.PruebasPrograma3.test_a_vectores) ... ok
test_b_matrices (test_programa3.PruebasPrograma3.test_b_matrices) ... ok
test_c_producto_y_cuatro_detalles (test_programa3.PruebasPrograma3.test_c_producto_y_cuatro_detalles) ... ok
test_cero_y_dimension_uno (test_programa3.PruebasPrograma3.test_cero_y_dimension_uno) ... ok
test_d_incompatibles (test_programa3.PruebasPrograma3.test_d_incompatibles) ... ok
test_decimal_de_resultado_grande_sin_float (test_programa3.PruebasPrograma3.test_decimal_de_resultado_grande_sin_float) ... ok
test_dimensiones_enteras_positivas (test_programa3.PruebasPrograma3.test_dimensiones_enteras_positivas) ... ok
test_e_orden (test_programa3.PruebasPrograma3.test_e_orden) ... ok
test_f_combinacion_columnas (test_programa3.PruebasPrograma3.test_f_combinacion_columnas) ... ok
test_g_imposible (test_programa3.PruebasPrograma3.test_g_imposible) ... ok
test_h_familia_completa (test_programa3.PruebasPrograma3.test_h_familia_completa) ... ok
test_historial_mixto_y_corrupcion (test_programa3.PruebasPrograma3.test_historial_mixto_y_corrupcion) ... ok
test_i_regresion_unica (test_programa3.PruebasPrograma3.test_i_regresion_unica) ... ok
test_identidad_cero_distributividad (test_programa3.PruebasPrograma3.test_identidad_cero_distributividad) ... ok
test_inmutabilidad_e_instantaneas (test_programa3.PruebasPrograma3.test_inmutabilidad_e_instantaneas) ... ok
test_j_regresion_familia (test_programa3.PruebasPrograma3.test_j_regresion_familia) ... ok
test_k_mayor_n_y_repetidos (test_programa3.PruebasPrograma3.test_k_mayor_n_y_repetidos) ... ok
test_k_rref_inconsistente (test_programa3.PruebasPrograma3.test_k_rref_inconsistente) ... ok
test_malformados (test_programa3.PruebasPrograma3.test_malformados) ... ok
test_ocho_por_ocho (test_programa3.PruebasPrograma3.test_ocho_por_ocho) ... ok
test_pegado_contrato (test_programa3.PruebasPrograma3.test_pegado_contrato) ... ok
test_reportes_datos_reales (test_programa3.PruebasPrograma3.test_reportes_datos_reales) ... ok
test_validacion_ubicacion (test_programa3.PruebasPrograma3.test_validacion_ubicacion) ... ok

----------------------------------------------------------------------
Ran 114 tests in 63.689s

OK
